random wtime: 30.7964313160046
tt_from_dense wtime: 43.53022595999937
tt_from_dense wtime: 43.32804581899836
random wtime: 30.75500266299059
tt_from_dense wtime: 71.32604918300058
tt_from_dense wtime: 68.3193879419996
random wtime: 30.746219720997033
tt_from_dense wtime: 89.89226247399347
tt_from_dense wtime: 87.43801421900571
random wtime: 30.68084809499851
tt_from_dense wtime: 108.61830596899381
tt_from_dense wtime: 108.20764279800642
random wtime: 30.703819164002198
tt_from_dense wtime: 157.70231419800257
tt_from_dense wtime: 154.33211179800855
random wtime: 30.740281014004722
tt_from_dense wtime: 181.82160530799592
tt_from_dense wtime: 179.52291632800188
random wtime: 30.780283111991594
tt_from_dense wtime: 210.67245649899996
tt_from_dense wtime: 210.0965511220129
random wtime: 30.74312331600231
tt_from_dense wtime: 233.67008634700323
tt_from_dense wtime: 234.89511294200202
random wtime: 30.72615643699828
tt_from_dense wtime: 256.58308803300315
tt_from_dense wtime: 257.1543627210049
random wtime: 30.792369994989713
tt_from_dense wtime: 273.79472359801
tt_from_dense wtime: 272.24339583799883
random wtime: 30.68858256599924
tt_from_dense wtime: 288.84642016200814
tt_from_dense wtime: 286.1680296029954
random wtime: 30.751163387001725
tt_from_dense wtime: 296.1840726019873
tt_from_dense wtime: 293.685506712005
random wtime: 30.723238797989325
tt_from_dense wtime: 315.34408785100095
tt_from_dense wtime: 313.8396104959975
random wtime: 30.8026928199979
tt_from_dense wtime: 337.6001641910116
tt_from_dense wtime: 331.7732335190085
random wtime: 30.75173380000342
tt_from_dense wtime: 358.5730513830058
tt_from_dense wtime: 357.5092381939903
random wtime: 30.736149497999577
tt_from_dense wtime: 361.34174538298976
tt_from_dense wtime: 361.6115013939998
random wtime: 30.790163979996578
tt_from_dense wtime: 380.8928726449958
tt_from_dense wtime: 383.27758190600434
srun: error: be-amd01: task 0: Segmentation fault (core dumped)
random wtime: 30.75000865999027
tt_from_dense wtime: 385.97027303300274
tt_from_dense wtime: 384.0765231749974
random wtime: 30.760628700008965
tt_from_dense wtime: 398.4080904729926
tt_from_dense wtime: 399.1993056140054
random wtime: 30.703172085995902
tt_from_dense wtime: 401.1614695469907
tt_from_dense wtime: 403.04324380699836
random wtime: 30.77824915200472
tt_from_dense wtime: 421.85283926699776
tt_from_dense wtime: 419.14818771999853
random wtime: 30.750110984008643
tt_from_dense wtime: 425.62696383
tt_from_dense wtime: 432.96738366600766
random wtime: 30.724215864000143
tt_from_dense wtime: 442.60320852200675
tt_from_dense wtime: 442.0449530110054
random wtime: 30.754324055000325
tt_from_dense wtime: 449.80398855599924
tt_from_dense wtime: 446.0344280940044
random wtime: 31.03426746900368
tt_from_dense wtime: 469.2840166120004
tt_from_dense wtime: 473.27008188399486
random wtime: 30.76656351798738
tt_from_dense wtime: 477.8670844589942
tt_from_dense wtime: 473.2028335609939
random wtime: 30.717189150003833
tt_from_dense wtime: 491.31311755299976
tt_from_dense wtime: 490.3606960229954
random wtime: 30.788447198996437
tt_from_dense wtime: 489.79132423699775
tt_from_dense wtime: 490.73154607501056
random wtime: 30.73094195300655
tt_from_dense wtime: 512.6245334480045
tt_from_dense wtime: 511.620003027012
random wtime: 30.869305765998433
tt_from_dense wtime: 522.6956583899882
tt_from_dense wtime: 514.387934888
random wtime: 30.718448840008932
tt_from_dense wtime: 455.2108513809944
tt_from_dense wtime: 457.2480883200042
random wtime: 30.767117776995292
tt_from_dense wtime: 453.89644373199553
tt_from_dense wtime: 451.25283247200423
random wtime: 31.647523471008753
tt_from_dense wtime: 468.44746775699605
tt_from_dense wtime: 463.35151290999784
random wtime: 31.40963987199939
tt_from_dense wtime: 471.3309569080011
tt_from_dense wtime: 471.58056773200224
random wtime: 30.75888956899871
tt_from_dense wtime: 480.1034734680143
tt_from_dense wtime: 480.1144663430023
random wtime: 30.746146004996262
tt_from_dense wtime: 478.4231063410116
tt_from_dense wtime: 473.23716258200875
random wtime: 30.756592890014872
tt_from_dense wtime: 488.75352251000004
tt_from_dense wtime: 488.1737771189946
random wtime: 30.854006793000735
tt_from_dense wtime: 495.0219566450105
tt_from_dense wtime: 487.8654337330081
random wtime: 30.945978828007355
tt_from_dense wtime: 501.6388498079905
tt_from_dense wtime: 495.03765994898276
random wtime: 30.766244608996203
tt_from_dense wtime: 506.5856157199887
tt_from_dense wtime: 499.9985058119928
random wtime: 30.75738326300052
tt_from_dense wtime: 515.0089254339982
tt_from_dense wtime: 515.1217142690148
random wtime: 30.80203318299027
tt_from_dense wtime: 512.8165094349824
tt_from_dense wtime: 514.5562881900114
random wtime: 30.753243924991693
tt_from_dense wtime: 523.304245427018
tt_from_dense wtime: 521.08824339899
random wtime: 30.826879189989995
tt_from_dense wtime: 529.427900388022
tt_from_dense wtime: 526.5199206760153
random wtime: 30.782615559990518
tt_from_dense wtime: 536.6295409740123
tt_from_dense wtime: 530.6798325130076
srun: Job step aborted: Waiting up to 32 seconds for job step to finish.
[2025-09-22T19:25:45.009] error: *** JOB 242957 ON be-amd01 CANCELLED AT 2025-09-22T19:25:45 DUE TO TIME LIMIT ***
[2025-09-22T19:25:45.010] error: *** STEP 242957.45 ON be-amd01 CANCELLED AT 2025-09-22T19:25:45 DUE TO TIME LIMIT ***
