Traceback (most recent call last):
  File "../tt_from_dense_t3f.py", line 10, in <module>
    import tensorflow as tf
ImportError: No module named tensorflow
srun: error: be-amd01: task 0: Exited with exit code 1
Traceback (most recent call last):
  File "../tt_from_dense_t3f.py", line 10, in <module>
    import tensorflow as tf
ImportError: No module named tensorflow
srun: error: be-amd01: task 0: Exited with exit code 1
Traceback (most recent call last):
  File "../tt_from_dense_t3f.py", line 10, in <module>
    import tensorflow as tf
ImportError: No module named tensorflow
srun: error: be-amd01: task 0: Exited with exit code 1
Traceback (most recent call last):
  File "../tt_from_dense_t3f.py", line 10, in <module>
    import tensorflow as tf
ImportError: No module named tensorflow
srun: error: be-amd01: task 0: Exited with exit code 1
Traceback (most recent call last):
  File "../tt_from_dense_t3f.py", line 10, in <module>
    import tensorflow as tf
ImportError: No module named tensorflow
srun: error: be-amd01: task 0: Exited with exit code 1
Traceback (most recent call last):
  File "../tt_from_dense_t3f.py", line 10, in <module>
    import tensorflow as tf
ImportError: No module named tensorflow
srun: error: be-amd01: task 0: Exited with exit code 1
Traceback (most recent call last):
  File "../tt_from_dense_t3f.py", line 10, in <module>
    import tensorflow as tf
ImportError: No module named tensorflow
srun: error: be-amd01: task 0: Exited with exit code 1
Traceback (most recent call last):
  File "../tt_from_dense_t3f.py", line 10, in <module>
    import tensorflow as tf
ImportError: No module named tensorflow
srun: error: be-amd01: task 0: Exited with exit code 1
Traceback (most recent call last):
  File "../tt_from_dense_t3f.py", line 10, in <module>
    import tensorflow as tf
ImportError: No module named tensorflow
srun: error: be-amd01: task 0: Exited with exit code 1
Traceback (most recent call last):
  File "../tt_from_dense_t3f.py", line 10, in <module>
    import tensorflow as tf
ImportError: No module named tensorflow
srun: error: be-amd01: task 0: Exited with exit code 1
Traceback (most recent call last):
  File "../tt_from_dense_t3f.py", line 10, in <module>
    import tensorflow as tf
ImportError: No module named tensorflow
srun: error: be-amd01: task 0: Exited with exit code 1
Traceback (most recent call last):
  File "../tt_from_dense_t3f.py", line 10, in <module>
    import tensorflow as tf
ImportError: No module named tensorflow
srun: error: be-amd01: task 0: Exited with exit code 1
Traceback (most recent call last):
  File "../tt_from_dense_t3f.py", line 10, in <module>
    import tensorflow as tf
ImportError: No module named tensorflow
srun: error: be-amd01: task 0: Exited with exit code 1
Traceback (most recent call last):
  File "../tt_from_dense_t3f.py", line 10, in <module>
    import tensorflow as tf
ImportError: No module named tensorflow
srun: error: be-amd01: task 0: Exited with exit code 1
Traceback (most recent call last):
  File "../tt_from_dense_t3f.py", line 10, in <module>
    import tensorflow as tf
ImportError: No module named tensorflow
srun: error: be-amd01: task 0: Exited with exit code 1
Traceback (most recent call last):
  File "../tt_from_dense_t3f.py", line 10, in <module>
    import tensorflow as tf
ImportError: No module named tensorflow
srun: error: be-amd01: task 0: Exited with exit code 1
Traceback (most recent call last):
  File "../tt_from_dense_t3f.py", line 10, in <module>
    import tensorflow as tf
ImportError: No module named tensorflow
srun: error: be-amd01: task 0: Exited with exit code 1
Traceback (most recent call last):
  File "../tt_from_dense_t3f.py", line 10, in <module>
    import tensorflow as tf
ImportError: No module named tensorflow
srun: error: be-amd01: task 0: Exited with exit code 1
Traceback (most recent call last):
  File "../tt_from_dense_t3f.py", line 10, in <module>
    import tensorflow as tf
ImportError: No module named tensorflow
srun: error: be-amd01: task 0: Exited with exit code 1
Traceback (most recent call last):
  File "../tt_from_dense_t3f.py", line 10, in <module>
    import tensorflow as tf
ImportError: No module named tensorflow
srun: error: be-amd01: task 0: Exited with exit code 1
Traceback (most recent call last):
  File "../tt_from_dense_t3f.py", line 10, in <module>
    import tensorflow as tf
ImportError: No module named tensorflow
srun: error: be-amd01: task 0: Exited with exit code 1
Traceback (most recent call last):
  File "../tt_from_dense_t3f.py", line 10, in <module>
    import tensorflow as tf
ImportError: No module named tensorflow
srun: error: be-amd01: task 0: Exited with exit code 1
Traceback (most recent call last):
  File "../tt_from_dense_t3f.py", line 10, in <module>
    import tensorflow as tf
ImportError: No module named tensorflow
srun: error: be-amd01: task 0: Exited with exit code 1
Traceback (most recent call last):
  File "../tt_from_dense_t3f.py", line 10, in <module>
    import tensorflow as tf
ImportError: No module named tensorflow
srun: error: be-amd01: task 0: Exited with exit code 1
Traceback (most recent call last):
  File "../tt_from_dense_t3f.py", line 10, in <module>
    import tensorflow as tf
ImportError: No module named tensorflow
srun: error: be-amd01: task 0: Exited with exit code 1
Traceback (most recent call last):
  File "../tt_from_dense_t3f.py", line 10, in <module>
    import tensorflow as tf
ImportError: No module named tensorflow
srun: error: be-amd01: task 0: Exited with exit code 1
Traceback (most recent call last):
  File "../tt_from_dense_t3f.py", line 10, in <module>
    import tensorflow as tf
ImportError: No module named tensorflow
srun: error: be-amd01: task 0: Exited with exit code 1
Traceback (most recent call last):
  File "../tt_from_dense_t3f.py", line 10, in <module>
    import tensorflow as tf
ImportError: No module named tensorflow
srun: error: be-amd01: task 0: Exited with exit code 1
Traceback (most recent call last):
  File "../tt_from_dense_t3f.py", line 10, in <module>
    import tensorflow as tf
ImportError: No module named tensorflow
srun: error: be-amd01: task 0: Exited with exit code 1
Traceback (most recent call last):
  File "../tt_from_dense_t3f.py", line 10, in <module>
    import tensorflow as tf
ImportError: No module named tensorflow
srun: error: be-amd01: task 0: Exited with exit code 1
Traceback (most recent call last):
  File "../tt_from_dense_t3f.py", line 10, in <module>
    import tensorflow as tf
ImportError: No module named tensorflow
srun: error: be-amd01: task 0: Exited with exit code 1
Traceback (most recent call last):
  File "../tt_from_dense_t3f.py", line 10, in <module>
    import tensorflow as tf
ImportError: No module named tensorflow
srun: error: be-amd01: task 0: Exited with exit code 1
Traceback (most recent call last):
  File "../tt_from_dense_t3f.py", line 10, in <module>
    import tensorflow as tf
ImportError: No module named tensorflow
srun: error: be-amd01: task 0: Exited with exit code 1
Traceback (most recent call last):
  File "../tt_from_dense_t3f.py", line 10, in <module>
    import tensorflow as tf
ImportError: No module named tensorflow
srun: error: be-amd01: task 0: Exited with exit code 1
Traceback (most recent call last):
  File "../tt_from_dense_t3f.py", line 10, in <module>
    import tensorflow as tf
ImportError: No module named tensorflow
srun: error: be-amd01: task 0: Exited with exit code 1
Traceback (most recent call last):
  File "../tt_from_dense_t3f.py", line 10, in <module>
    import tensorflow as tf
ImportError: No module named tensorflow
srun: error: be-amd01: task 0: Exited with exit code 1
Traceback (most recent call last):
  File "../tt_from_dense_t3f.py", line 10, in <module>
    import tensorflow as tf
ImportError: No module named tensorflow
srun: error: be-amd01: task 0: Exited with exit code 1
Traceback (most recent call last):
  File "../tt_from_dense_t3f.py", line 10, in <module>
    import tensorflow as tf
ImportError: No module named tensorflow
srun: error: be-amd01: task 0: Exited with exit code 1
Traceback (most recent call last):
  File "../tt_from_dense_t3f.py", line 10, in <module>
    import tensorflow as tf
ImportError: No module named tensorflow
srun: error: be-amd01: task 0: Exited with exit code 1
Traceback (most recent call last):
  File "../tt_from_dense_t3f.py", line 10, in <module>
    import tensorflow as tf
ImportError: No module named tensorflow
srun: error: be-amd01: task 0: Exited with exit code 1
Traceback (most recent call last):
  File "../tt_from_dense_t3f.py", line 10, in <module>
    import tensorflow as tf
ImportError: No module named tensorflow
srun: error: be-amd01: task 0: Exited with exit code 1
Traceback (most recent call last):
  File "../tt_from_dense_t3f.py", line 10, in <module>
    import tensorflow as tf
ImportError: No module named tensorflow
srun: error: be-amd01: task 0: Exited with exit code 1
Traceback (most recent call last):
  File "../tt_from_dense_t3f.py", line 10, in <module>
    import tensorflow as tf
ImportError: No module named tensorflow
srun: error: be-amd01: task 0: Exited with exit code 1
Traceback (most recent call last):
  File "../tt_from_dense_t3f.py", line 10, in <module>
    import tensorflow as tf
ImportError: No module named tensorflow
srun: error: be-amd01: task 0: Exited with exit code 1
Traceback (most recent call last):
  File "../tt_from_dense_t3f.py", line 10, in <module>
    import tensorflow as tf
ImportError: No module named tensorflow
srun: error: be-amd01: task 0: Exited with exit code 1
Traceback (most recent call last):
  File "../tt_from_dense_t3f.py", line 10, in <module>
    import tensorflow as tf
ImportError: No module named tensorflow
srun: error: be-amd01: task 0: Exited with exit code 1
Traceback (most recent call last):
  File "../tt_from_dense_t3f.py", line 10, in <module>
    import tensorflow as tf
ImportError: No module named tensorflow
srun: error: be-amd01: task 0: Exited with exit code 1
Traceback (most recent call last):
  File "../tt_from_dense_t3f.py", line 10, in <module>
    import tensorflow as tf
ImportError: No module named tensorflow
srun: error: be-amd01: task 0: Exited with exit code 1
Traceback (most recent call last):
  File "../tt_from_dense_t3f.py", line 10, in <module>
    import tensorflow as tf
ImportError: No module named tensorflow
srun: error: be-amd01: task 0: Exited with exit code 1
Traceback (most recent call last):
  File "../tt_from_dense_t3f.py", line 10, in <module>
    import tensorflow as tf
ImportError: No module named tensorflow
srun: error: be-amd01: task 0: Exited with exit code 1
